// Jest Snapshot v1, https://goo.gl/fbAQLP

exports[`testing shallow 1`] = `ShallowWrapper {}`;
