// Jest Snapshot v1, https://goo.gl/fbAQLP

exports[`counter button test 1`] = `ShallowWrapper {}`;

exports[`testing shallow 1`] = `ShallowWrapper {}`;
